<?xml version="1.0"?>
<nr>
  <n n="a">
    <a n="value a-&gt;a" t="2" v="string" />
    <a n="value a-&gt;b" t="7" v="True" />
    <a n="attr1" t="2" v="string" />
    <a n="attr2" t="7" v="True" />
    <n n="a.b">
      <n n="a.b.d">
        <a n="Array" t="258">
          <v v="Value_A" />
        </a>
      </n>
    </n>
    <n n="a.c">
      <a n="value a.c-&gt;a" t="2" v="string" />
      <a n="value a.c-&gt;b" t="7" v="True" />
    </n>
    <n n="A.C">
      <a n="value a.c-&gt;a" t="2" v="STRING" />
      <a n="value a.c-&gt;b" t="7" v="False" />
    </n>
  </n>
</nr>