<?xml version="1.0"?>
<nr>
  <n n="a" r="True" c="2">
    <a n="value a-&gt;a" t="2" s="6" v="string"></a>
    <a n="value a-&gt;b" t="7" s="1" v="True"></a>
    <n n="a.b" c="1">
      <n n="a.b.d" c="1">
        <n n="a.b.d.e">
          <a n="value a.b.d.e-&gt;a" t="3" s="4" v="1"></a>
          <a n="value a.b.d.e-&gt;b" t=""/>
        </n>
      </n>
    </n>
    <n n="a.c">
      <a n="value a.c-&gt;a" t="2" s="6" v="string"></a>
      <a n="value a.c-&gt;b" t="7" s="1" v="True"></a>
    </n>
  </n>
</nr>
