<?xml version="1.0"?>
<n n="a" r="True" c="3">
  <a n="value a-&gt;a" t="System.String" s="6">string</a>
  <a n="value a-&gt;b" t="System.Boolean" s="1">True</a>
  <a n="attr1" t="System.String" s="6">string</a>
  <a n="attr2" t="System.Boolean" s="1">True</a>
  <n n="a.b" c="1">
    <n n="a.b.d" c="1">
      <a n="Array" t="System.String[]" s="16">
        <i />
        <i>Value_A</i>
        <i>Value_B</i>
      </a>
      <n n="a.b.d.e">
        <a n="value a.b.d.e-&gt;a" t="System.Int32" s="4">1</a>
        <a n="value a.b.d.e-&gt;b" />
        <a n="Test" />
      </n>
    </n>
  </n>
  <n n="a.c">
    <a n="value a.c-&gt;a" t="System.String" s="6">string</a>
    <a n="value a.c-&gt;b" t="System.Boolean" s="1">True</a>
    <a n="value a.c-&gt;c" t="System.DateTime" s="8">2013-06-14T15:15:30.0000000+03:00</a>
  </n>
  <n n="A.C">
    <a n="value a.c-&gt;a" t="System.String" s="6">STRING</a>
    <a n="value a.c-&gt;b" t="System.Boolean" s="1">False</a>
    <a n="value a.c-&gt;c" t="System.DateTime" s="8">2015-06-14T15:15:30.0000000+03:00</a>
  </n>
</n>